---
source: parser/src/parser.rs
expression: r
---
(
    Some(
        File {
            name: "parser__parser__tests",
            items: [
                FnDecl(
                    FnDecl {
                        name: "foo",
                        params: [],
                        ret_ty: Some(
                            Ty {
                                span: 12..15,
                                kind: U64,
                            },
                        ),
                        span: 0..34,
                        body: [
                            VarDecl(
                                VarDecl {
                                    name: "hello",
                                    ty: Ty {
                                        span: 18..21,
                                        kind: U64,
                                    },
                                    rhs: Some(
                                        Expr {
                                            kind: Literal(
                                                Integer(
                                                    5,
                                                    30..31,
                                                ),
                                            ),
                                            span: 30..31,
                                        },
                                    ),
                                    span: 0..0,
                                },
                            ),
                        ],
                    },
                ),
            ],
        },
    ),
    [],
)
